\BOOKMARK [1][-]{section.1}{\376\377\000G\000i\036\333\000i\000\040\000t\000h\000i\036\307\000u}{}% 1
\BOOKMARK [1][-]{section.2}{\376\377\000C\000\364\000n\000g\000\040\000v\000i\036\307\000c\000\040\000l\000i\000\352\000n\000\040\000q\000u\000a\000n}{}% 2
\BOOKMARK [2][-]{subsection.2.1}{\376\377\000P\000h\000\341\000t\000\040\000h\000i\036\307\000n\000\040\000v\000\340\000\040\000g\000i\036\243\000i\000\040\000t\000h\000\355\000c\000h\000\040\000s\036\361\000\040\000b\036\245\000t\000\040\000t\000h\001\260\036\335\000n\000g\000\040\000t\000h\000e\000o\000\040\000n\000g\036\357\000\040\000c\036\243\000n\000h}{section.2}% 3
\BOOKMARK [2][-]{subsection.2.2}{\376\377\000P\000h\000\341\000t\000\040\000h\000i\036\307\000n\000\040\000b\036\245\000t\000\040\000t\000h\001\260\036\335\000n\000g\000\040\000t\000r\000u\000y\036\301\000n\000\040\000t\000h\036\321\000n\000g}{section.2}% 4
\BOOKMARK [3][-]{subsubsection.2.2.1}{\376\377\000P\000h\000\341\000t\000\040\000h\000i\036\307\000n\000\040\000b\036\245\000t\000\040\000t\000h\001\260\036\335\000n\000g\000\040\000d\036\361\000a\000\040\000t\000r\000\352\000n\000\040\000p\000h\036\345\000\040\000t\000h\000u\036\331\000c}{subsection.2.2}% 5
\BOOKMARK [3][-]{subsubsection.2.2.2}{\376\377\000P\000h\000\341\000t\000\040\000h\000i\036\307\000n\000\040\000b\036\245\000t\000\040\000t\000h\001\260\036\335\000n\000g\000\040\000d\036\361\000a\000\040\000t\000r\000\352\000n\000\040\000k\000h\000\364\000n\000g\000\040\000g\000i\000a\000n\000\040\000c\000o\000n}{subsection.2.2}% 6
\BOOKMARK [1][-]{section.3}{\376\377\000P\000h\000\341\000t\000\040\000h\000i\036\307\000n\000\040\000v\000\340\000\040\000g\000i\036\243\000i\000\040\000t\000h\000\355\000c\000h\000\040\000s\036\361\000\040\000b\036\245\000t\000\040\000t\000h\001\260\036\335\000n\000g\000\040\000t\000h\000e\000o\000\040\000n\000g\036\357\000\040\000c\036\243\000n\000h}{}% 7
\BOOKMARK [2][-]{subsection.3.1}{\376\377\000B\000\341\000o\000\040\000c\000\341\000o\000\040\000v\036\245\000n\000\040\001\021\036\301}{section.3}% 8
\BOOKMARK [2][-]{subsection.3.2}{\376\377\000P\000h\001\260\001\241\000n\000g\000\040\000p\000h\000\341\000p\000\040\000t\000i\036\277\000p\000\040\000c\036\255\000n\000\040\000t\036\325\000n\000g\000\040\000t\000h\036\303}{section.3}% 9
\BOOKMARK [1][-]{section.4}{\376\377\000V\000\362\000n\000g\000\040\000s\001\241\000\040\000l\000o\036\241\000i}{}% 10
\BOOKMARK [2][-]{subsection.4.1}{\376\377\000T\036\353\000\040\000t\000r\000u\000n\000g\000\040\000b\000\354\000n\000h\000\040\000c\000\363\000\040\001\021\000i\036\301\000u\000\040\000k\000i\036\307\000n\000\040\001\021\036\277\000n\000\040\000p\000h\000\342\000n\000\040\000v\036\313\000\040\000c\000\363\000\040\001\021\000i\036\301\000u\000\040\000k\000i\036\307\000n}{section.4}% 11
\BOOKMARK [2][-]{subsection.4.2}{\376\377\000R\036\353\000n\000g\000\040\000h\036\323\000i\000\040\000q\000u\000y\000\040\000p\000h\000\342\000n\000\040\000v\036\313}{section.4}% 12
\BOOKMARK [1][-]{section.5}{\376\377\000P\000h\000\341\000t\000\040\000h\000i\036\307\000n\000\040\000v\000\340\000\040\000g\000i\036\243\000i\000\040\000t\000h\000\355\000c\000h\000\040\000b\036\245\000t\000\040\000t\000h\001\260\036\335\000n\000g\000\040\000t\000h\000e\000o\000\040\000n\000g\036\357\000\040\000c\036\243\000n\000h\000\040\000d\036\361\000a\000\040\000t\000r\000\352\000n\000\040\000p\000h\000\342\000n\000\040\000v\036\313}{}% 13
\BOOKMARK [2][-]{subsection.5.1}{\376\377\000P\000h\000\341\000t\000\040\000h\000i\036\307\000n\000\040\001\021\000i\036\303\000m\000\040\000b\036\245\000t\000\040\000t\000h\001\260\036\335\000n\000g\000\040\000v\036\333\000i\000\040\000r\036\353\000n\000g\000\040\000h\036\323\000i\000\040\000q\000u\000y\000\040\000p\000h\000\342\000n\000\040\000v\036\313}{section.5}% 14
\BOOKMARK [2][-]{subsection.5.2}{\376\377\000G\000i\036\243\000i\000\040\000t\000h\000\355\000c\000h\000\040\000s\036\361\000\040\000b\036\245\000t\000\040\000t\000h\001\260\036\335\000n\000g\000\040\000b\036\261\000n\000g\000\040\000b\000i\036\303\000u\000\040\001\021\036\323\000\040\000b\000e\000a\000n\000p\000l\000o\000t\000\040\000b\036\245\000t\000\040\000t\000h\001\260\036\335\000n\000g}{section.5}% 15
\BOOKMARK [1][-]{section.6}{\376\377\000T\000h\000\355\000\040\000n\000g\000h\000i\036\307\000m}{}% 16
\BOOKMARK [2][-]{subsection.6.1}{\376\377\000D\036\357\000\040\000l\000i\036\307\000u}{section.6}% 17
\BOOKMARK [3][-]{subsubsection.6.1.1}{\376\377\000T\000i\036\301\000n\000\040\000x\036\355\000\040\000l\000\375\000\040\000d\036\357\000\040\000l\000i\036\307\000u}{subsection.6.1}% 18
\BOOKMARK [3][-]{subsubsection.6.1.2}{\376\377\000L\001\260\036\343\000c\000\040\001\021\036\323\000\040\000n\000h\000i\036\305\000u\000\040\000l\000o\036\241\000n\000\040\000c\000h\000o\000\040\000v\000i\036\307\000c\000\040\000t\000i\000\352\000m\000\040\000n\000g\000o\036\241\000i\000\040\000l\036\307}{subsection.6.1}% 19
\BOOKMARK [3][-]{subsubsection.6.1.3}{\376\377\000B\036\331\000\040\000d\036\357\000\040\000l\000i\036\307\000u}{subsection.6.1}% 20
\BOOKMARK [2][-]{subsection.6.2}{\376\377\000T\000h\000u\036\255\000t\000\040\000t\000o\000\341\000n\000\040\000c\001\241\000\040\000b\036\243\000n\000\040\000v\000\340\000\040\000c\000\341\000c\000h\000\040\000t\000r\000i\036\303\000n\000\040\000k\000h\000a\000i}{section.6}% 21
\BOOKMARK [3][-]{subsubsection.6.2.1}{\376\377\000C\000\340\000i\000\040\001\021\036\267\000t\000\040\000t\000h\000a\000m\000\040\000s\036\321\000\040\000Q\000C\000A\000D}{subsection.6.2}% 22
\BOOKMARK [2][-]{subsection.6.3}{\376\377\000T\000i\000\352\000u\000\040\000c\000h\000\355\000\040\001\021\000\341\000n\000h\000\040\000g\000i\000\341}{section.6}% 23
\BOOKMARK [2][-]{subsection.6.4}{\376\377\000H\000i\036\307\000u\000\040\000s\000u\036\245\000t\000\040\000p\000h\000\341\000t\000\040\000h\000i\036\307\000n\000\040\000b\036\245\000t\000\040\000t\000h\001\260\036\335\000n\000g}{section.6}% 24
\BOOKMARK [2][-]{subsection.6.5}{\376\377\000P\000h\000\342\000n\000\040\000t\000\355\000c\000h\000\040\000t\000h\036\335\000i\000\040\000g\000i\000a\000n\000\040\000c\000h\036\241\000y}{section.6}% 25
\BOOKMARK [2][-]{subsection.6.6}{\376\377\000U\000s\000i\000n\000g\000\040\000Q\000C\000A\000D\000\040\000t\000o\000\040\000F\000i\000n\000d\000\040\000P\000r\000o\000m\000i\000s\000i\000n\000g\000\040\000F\000o\000o\000t\000b\000a\000l\000l\000\040\000P\000l\000a\000y\000e\000r\000s}{section.6}% 26
\BOOKMARK [1][-]{section.7}{\376\377\000K\036\277\000t\000\040\000l\000u\036\255\000n}{}% 27
\BOOKMARK [1][-]{appendix.A}{\376\377\000P\000h\000\342\000n\000\040\000t\000\355\000c\000h\000\040\001\021\036\331\000\040\000p\000h\036\351\000c\000\040\000t\036\241\000p}{}% 28
\BOOKMARK [1][-]{appendix.B}{\376\377\000M\000\364\000\040\000t\036\243\000\040\000t\036\255\000p\000\040\000d\036\357\000\040\000l\000i\036\307\000u}{}% 29
\BOOKMARK [1][-]{appendix.C}{\376\377\000P\000h\000\342\000n\000\040\000t\000\355\000c\000h\000\040\001\021\036\331\000\040\000n\000h\036\241\000y\000\040\000t\000h\000a\000m\000\040\000s\036\321}{}% 30
\BOOKMARK [1][-]{appendix.D}{\376\377\000N\000g\000h\000i\000\352\000n\000\040\000c\036\351\000u\000\040\000c\036\257\000t\000\040\000b\036\317}{}% 31
\BOOKMARK [2][-]{subsection.D.1}{\376\377\000T\036\367\000\040\000l\036\307\000\040\001\021\036\331\000\040\000d\000\340\000i\000\040\000k\000h\000o\036\243\000n\000g\000\040\000t\000h\036\335\000i\000\040\000g\000i\000a\000n\000\040\000p\000h\000\342\000n\000\040\000v\036\313\000\040\000c\000\363\000\040\001\021\000i\036\301\000u\000\040\000k\000i\036\307\000n}{appendix.D}% 32
\BOOKMARK [2][-]{subsection.D.2}{\376\377\000C\036\257\000t\000\040\001\021\036\331\000\040\000d\000\340\000i\000\040\000k\000h\000o\036\243\000n\000g\000\040\000t\000h\036\335\000i\000\040\000g\000i\000a\000n\000\040\000p\000h\000\342\000n\000\040\000v\036\313\000\040\000c\000\363\000\040\001\021\000i\036\301\000u\000\040\000k\000i\036\307\000n}{appendix.D}% 33
